Component: ARM Compiler 5.06 update 3 (build 300) Tool: armlink [4d35c9]

==============================================================================

Section Cross References

    main.o(i.func1) refers to main.o(.data) for a
    main.o(i.main) refers to main.o(i.func1) for func1
    main.o(i.main) refers to main.o(.data) for a
    startup_stm32f10x_md.o(RESET) refers to startup_stm32f10x_md.o(STACK) for __initial_sp
    startup_stm32f10x_md.o(RESET) refers to startup_stm32f10x_md.o(.text) for Reset_Handler
    startup_stm32f10x_md.o(.text) refers to startup_stm32f10x_md.o(RESET) for src2
    startup_stm32f10x_md.o(.text) refers to startup_stm32f10x_md.o(mydata) for dst
    startup_stm32f10x_md.o(.text) refers to entry.o(.ARM.Collect$$$$00000000) for __main
    entry.o(.ARM.Collect$$$$00000000) refers (Special) to entry10a.o(.ARM.Collect$$$$0000000D) for __rt_final_cpp
    entry.o(.ARM.Collect$$$$00000000) refers (Special) to entry11a.o(.ARM.Collect$$$$0000000F) for __rt_final_exit
    entry.o(.ARM.Collect$$$$00000000) refers (Special) to entry7b.o(.ARM.Collect$$$$00000008) for _main_clock
    entry.o(.ARM.Collect$$$$00000000) refers (Special) to entry8b.o(.ARM.Collect$$$$0000000A) for _main_cpp_init
    entry.o(.ARM.Collect$$$$00000000) refers (Special) to entry9a.o(.ARM.Collect$$$$0000000B) for _main_init
    entry.o(.ARM.Collect$$$$00000000) refers (Special) to entry5.o(.ARM.Collect$$$$00000004) for _main_scatterload
    entry.o(.ARM.Collect$$$$00000000) refers (Special) to entry2.o(.ARM.Collect$$$$00000001) for _main_stk
    entry2.o(.ARM.Collect$$$$00000001) refers to entry2.o(.ARM.Collect$$$$00002712) for __lit__00000000
    entry2.o(.ARM.Collect$$$$00002712) refers to startup_stm32f10x_md.o(STACK) for __initial_sp
    entry2.o(__vectab_stack_and_reset_area) refers to startup_stm32f10x_md.o(STACK) for __initial_sp
    entry2.o(__vectab_stack_and_reset_area) refers to entry.o(.ARM.Collect$$$$00000000) for __main
    entry5.o(.ARM.Collect$$$$00000004) refers to init.o(.text) for __scatterload
    entry9a.o(.ARM.Collect$$$$0000000B) refers to main.o(i.main) for main
    entry9b.o(.ARM.Collect$$$$0000000C) refers to main.o(i.main) for main
    init.o(.text) refers to entry5.o(.ARM.Collect$$$$00000004) for __main_after_scatterload


==============================================================================

Removing Unused input sections from the image.

    Removing startup_stm32f10x_md.o(HEAP), (0 bytes).

1 unused section(s) (total 0 bytes) removed from the image.

==============================================================================

Image Symbol Table

    Local Symbols

    Symbol Name                              Value     Ov Type        Size  Object(Section)

    ../clib/microlib/init/entry.s            0x00000000   Number         0  entry7a.o ABSOLUTE
    ../clib/microlib/init/entry.s            0x00000000   Number         0  entry2.o ABSOLUTE
    ../clib/microlib/init/entry.s            0x00000000   Number         0  entry9a.o ABSOLUTE
    ../clib/microlib/init/entry.s            0x00000000   Number         0  entry8b.o ABSOLUTE
    ../clib/microlib/init/entry.s            0x00000000   Number         0  entry8a.o ABSOLUTE
    ../clib/microlib/init/entry.s            0x00000000   Number         0  entry5.o ABSOLUTE
    ../clib/microlib/init/entry.s            0x00000000   Number         0  entry7b.o ABSOLUTE
    ../clib/microlib/init/entry.s            0x00000000   Number         0  entry11b.o ABSOLUTE
    ../clib/microlib/init/entry.s            0x00000000   Number         0  entry11a.o ABSOLUTE
    ../clib/microlib/init/entry.s            0x00000000   Number         0  entry10b.o ABSOLUTE
    ../clib/microlib/init/entry.s            0x00000000   Number         0  entry.o ABSOLUTE
    ../clib/microlib/init/entry.s            0x00000000   Number         0  entry10a.o ABSOLUTE
    ../clib/microlib/init/entry.s            0x00000000   Number         0  entry9b.o ABSOLUTE
    ..\..\..\Libraries\CMSIS\Core\CM3\startup\arm\startup_stm32f10x_md.s 0x00000000   Number         0  startup_stm32f10x_md.o ABSOLUTE
    ..\src\main.c                            0x00000000   Number         0  main.o ABSOLUTE
    dc.s                                     0x00000000   Number         0  dc.o ABSOLUTE
    handlers.s                               0x00000000   Number         0  handlers.o ABSOLUTE
    init.s                                   0x00000000   Number         0  init.o ABSOLUTE
    RESET                                    0x08000000   Section      112  startup_stm32f10x_md.o(RESET)
    src2                                     0x08000038   Data          40  startup_stm32f10x_md.o(RESET)
    .ARM.Collect$$$$00000000                 0x08000070   Section        0  entry.o(.ARM.Collect$$$$00000000)
    .ARM.Collect$$$$00000001                 0x08000070   Section        4  entry2.o(.ARM.Collect$$$$00000001)
    .ARM.Collect$$$$00000004                 0x08000074   Section        4  entry5.o(.ARM.Collect$$$$00000004)
    .ARM.Collect$$$$00000008                 0x08000078   Section        0  entry7b.o(.ARM.Collect$$$$00000008)
    .ARM.Collect$$$$0000000A                 0x08000078   Section        0  entry8b.o(.ARM.Collect$$$$0000000A)
    .ARM.Collect$$$$0000000B                 0x08000078   Section        8  entry9a.o(.ARM.Collect$$$$0000000B)
    .ARM.Collect$$$$0000000D                 0x08000080   Section        0  entry10a.o(.ARM.Collect$$$$0000000D)
    .ARM.Collect$$$$0000000F                 0x08000080   Section        0  entry11a.o(.ARM.Collect$$$$0000000F)
    .ARM.Collect$$$$00002712                 0x08000080   Section        4  entry2.o(.ARM.Collect$$$$00002712)
    __lit__00000000                          0x08000080   Data           4  entry2.o(.ARM.Collect$$$$00002712)
    .text                                    0x08000084   Section      116  startup_stm32f10x_md.o(.text)
    .text                                    0x080000f8   Section       36  init.o(.text)
    i.__scatterload_copy                     0x0800011c   Section       14  handlers.o(i.__scatterload_copy)
    i.__scatterload_null                     0x0800012a   Section        2  handlers.o(i.__scatterload_null)
    i.__scatterload_zeroinit                 0x0800012c   Section       14  handlers.o(i.__scatterload_zeroinit)
    i.func1                                  0x0800013c   Section        0  main.o(i.func1)
    i.main                                   0x08000150   Section        0  main.o(i.main)
    .data                                    0x20000000   Section        4  main.o(.data)
    mydata                                   0x20000004   Section       56  startup_stm32f10x_md.o(mydata)
    dst                                      0x20000004   Data          40  startup_stm32f10x_md.o(mydata)
    STACK                                    0x20000040   Section      512  startup_stm32f10x_md.o(STACK)

    Global Symbols

    Symbol Name                              Value     Ov Type        Size  Object(Section)

    BuildAttributes$$THM_ISAv4$P$D$K$B$S$PE$A:L22UL41UL21$X:L11$S22US41US21$IEEE1$IW$USESV6$~STKCKD$USESV7$~SHL$OSPACE$EBA8$MICROLIB$REQ8$PRES8$EABIv2 0x00000000   Number         0  anon$$obj.o ABSOLUTE
    __ARM_use_no_argv                        0x00000000   Number         0  main.o ABSOLUTE
    __cpp_initialize__aeabi_                  - Undefined Weak Reference
    __cxa_finalize                            - Undefined Weak Reference
    __decompress                              - Undefined Weak Reference
    _clock_init                               - Undefined Weak Reference
    _microlib_exit                            - Undefined Weak Reference
    __main                                   0x08000071   Thumb Code     0  entry.o(.ARM.Collect$$$$00000000)
    _main_stk                                0x08000071   Thumb Code     0  entry2.o(.ARM.Collect$$$$00000001)
    _main_scatterload                        0x08000075   Thumb Code     0  entry5.o(.ARM.Collect$$$$00000004)
    __main_after_scatterload                 0x08000079   Thumb Code     0  entry5.o(.ARM.Collect$$$$00000004)
    _main_clock                              0x08000079   Thumb Code     0  entry7b.o(.ARM.Collect$$$$00000008)
    _main_cpp_init                           0x08000079   Thumb Code     0  entry8b.o(.ARM.Collect$$$$0000000A)
    _main_init                               0x08000079   Thumb Code     0  entry9a.o(.ARM.Collect$$$$0000000B)
    __rt_final_cpp                           0x08000081   Thumb Code     0  entry10a.o(.ARM.Collect$$$$0000000D)
    __rt_final_exit                          0x08000081   Thumb Code     0  entry11a.o(.ARM.Collect$$$$0000000F)
    Reset_Handler                            0x08000085   Thumb Code    78  startup_stm32f10x_md.o(.text)
    NMI_Handler                              0x080000d9   Thumb Code     2  startup_stm32f10x_md.o(.text)
    HardFault_Handler                        0x080000db   Thumb Code     2  startup_stm32f10x_md.o(.text)
    MemManage_Handler                        0x080000dd   Thumb Code     2  startup_stm32f10x_md.o(.text)
    BusFault_Handler                         0x080000df   Thumb Code     2  startup_stm32f10x_md.o(.text)
    UsageFault_Handler                       0x080000e1   Thumb Code     2  startup_stm32f10x_md.o(.text)
    SVC_Handler                              0x080000e3   Thumb Code     2  startup_stm32f10x_md.o(.text)
    DebugMon_Handler                         0x080000e5   Thumb Code     2  startup_stm32f10x_md.o(.text)
    PendSV_Handler                           0x080000e7   Thumb Code     2  startup_stm32f10x_md.o(.text)
    SysTick_Handler                          0x080000e9   Thumb Code     2  startup_stm32f10x_md.o(.text)
    ADC1_2_IRQHandler                        0x080000eb   Thumb Code     0  startup_stm32f10x_md.o(.text)
    CAN1_RX1_IRQHandler                      0x080000eb   Thumb Code     0  startup_stm32f10x_md.o(.text)
    CAN1_SCE_IRQHandler                      0x080000eb   Thumb Code     0  startup_stm32f10x_md.o(.text)
    DMA1_Channel1_IRQHandler                 0x080000eb   Thumb Code     0  startup_stm32f10x_md.o(.text)
    DMA1_Channel2_IRQHandler                 0x080000eb   Thumb Code     0  startup_stm32f10x_md.o(.text)
    DMA1_Channel3_IRQHandler                 0x080000eb   Thumb Code     0  startup_stm32f10x_md.o(.text)
    DMA1_Channel4_IRQHandler                 0x080000eb   Thumb Code     0  startup_stm32f10x_md.o(.text)
    DMA1_Channel5_IRQHandler                 0x080000eb   Thumb Code     0  startup_stm32f10x_md.o(.text)
    DMA1_Channel6_IRQHandler                 0x080000eb   Thumb Code     0  startup_stm32f10x_md.o(.text)
    DMA1_Channel7_IRQHandler                 0x080000eb   Thumb Code     0  startup_stm32f10x_md.o(.text)
    EXTI0_IRQHandler                         0x080000eb   Thumb Code     0  startup_stm32f10x_md.o(.text)
    EXTI15_10_IRQHandler                     0x080000eb   Thumb Code     0  startup_stm32f10x_md.o(.text)
    EXTI1_IRQHandler                         0x080000eb   Thumb Code     0  startup_stm32f10x_md.o(.text)
    EXTI2_IRQHandler                         0x080000eb   Thumb Code     0  startup_stm32f10x_md.o(.text)
    EXTI3_IRQHandler                         0x080000eb   Thumb Code     0  startup_stm32f10x_md.o(.text)
    EXTI4_IRQHandler                         0x080000eb   Thumb Code     0  startup_stm32f10x_md.o(.text)
    EXTI9_5_IRQHandler                       0x080000eb   Thumb Code     0  startup_stm32f10x_md.o(.text)
    FLASH_IRQHandler                         0x080000eb   Thumb Code     0  startup_stm32f10x_md.o(.text)
    I2C1_ER_IRQHandler                       0x080000eb   Thumb Code     0  startup_stm32f10x_md.o(.text)
    I2C1_EV_IRQHandler                       0x080000eb   Thumb Code     0  startup_stm32f10x_md.o(.text)
    I2C2_ER_IRQHandler                       0x080000eb   Thumb Code     0  startup_stm32f10x_md.o(.text)
    I2C2_EV_IRQHandler                       0x080000eb   Thumb Code     0  startup_stm32f10x_md.o(.text)
    PVD_IRQHandler                           0x080000eb   Thumb Code     0  startup_stm32f10x_md.o(.text)
    RCC_IRQHandler                           0x080000eb   Thumb Code     0  startup_stm32f10x_md.o(.text)
    RTCAlarm_IRQHandler                      0x080000eb   Thumb Code     0  startup_stm32f10x_md.o(.text)
    RTC_IRQHandler                           0x080000eb   Thumb Code     0  startup_stm32f10x_md.o(.text)
    SPI1_IRQHandler                          0x080000eb   Thumb Code     0  startup_stm32f10x_md.o(.text)
    SPI2_IRQHandler                          0x080000eb   Thumb Code     0  startup_stm32f10x_md.o(.text)
    TAMPER_IRQHandler                        0x080000eb   Thumb Code     0  startup_stm32f10x_md.o(.text)
    TIM1_BRK_IRQHandler                      0x080000eb   Thumb Code     0  startup_stm32f10x_md.o(.text)
    TIM1_CC_IRQHandler                       0x080000eb   Thumb Code     0  startup_stm32f10x_md.o(.text)
    TIM1_TRG_COM_IRQHandler                  0x080000eb   Thumb Code     0  startup_stm32f10x_md.o(.text)
    TIM1_UP_IRQHandler                       0x080000eb   Thumb Code     0  startup_stm32f10x_md.o(.text)
    TIM2_IRQHandler                          0x080000eb   Thumb Code     0  startup_stm32f10x_md.o(.text)
    TIM3_IRQHandler                          0x080000eb   Thumb Code     0  startup_stm32f10x_md.o(.text)
    TIM4_IRQHandler                          0x080000eb   Thumb Code     0  startup_stm32f10x_md.o(.text)
    USART1_IRQHandler                        0x080000eb   Thumb Code     0  startup_stm32f10x_md.o(.text)
    USART2_IRQHandler                        0x080000eb   Thumb Code     0  startup_stm32f10x_md.o(.text)
    USART3_IRQHandler                        0x080000eb   Thumb Code     0  startup_stm32f10x_md.o(.text)
    USBWakeUp_IRQHandler                     0x080000eb   Thumb Code     0  startup_stm32f10x_md.o(.text)
    USB_HP_CAN1_TX_IRQHandler                0x080000eb   Thumb Code     0  startup_stm32f10x_md.o(.text)
    USB_LP_CAN1_RX0_IRQHandler               0x080000eb   Thumb Code     0  startup_stm32f10x_md.o(.text)
    WWDG_IRQHandler                          0x080000eb   Thumb Code     0  startup_stm32f10x_md.o(.text)
    __scatterload                            0x080000f9   Thumb Code    28  init.o(.text)
    __scatterload_rt2                        0x080000f9   Thumb Code     0  init.o(.text)
    __scatterload_copy                       0x0800011d   Thumb Code    14  handlers.o(i.__scatterload_copy)
    __scatterload_null                       0x0800012b   Thumb Code     2  handlers.o(i.__scatterload_null)
    __scatterload_zeroinit                   0x0800012d   Thumb Code    14  handlers.o(i.__scatterload_zeroinit)
    func1                                    0x0800013d   Thumb Code    14  main.o(i.func1)
    main                                     0x08000151   Thumb Code    32  main.o(i.main)
    Region$$Table$$Base                      0x08000174   Number         0  anon$$obj.o(Region$$Table)
    Region$$Table$$Limit                     0x08000194   Number         0  anon$$obj.o(Region$$Table)
    a                                        0x20000000   Data           4  main.o(.data)
    __initial_sp                             0x20000240   Data           0  startup_stm32f10x_md.o(STACK)



==============================================================================

Memory Map of the image

  Image Entry point : 0x08000071

  Load Region LR_IROM1 (Base: 0x08000000, Size: 0x000001d0, Max: 0x00020000, ABSOLUTE)

    Execution Region ER_IROM1 (Base: 0x08000000, Size: 0x00000194, Max: 0x00020000, ABSOLUTE)

    Base Addr    Size         Type   Attr      Idx    E Section Name        Object

    0x08000000   0x00000070   Data   RO           23    RESET               startup_stm32f10x_md.o
    0x08000070   0x00000000   Code   RO           30  * .ARM.Collect$$$$00000000  mc_w.l(entry.o)
    0x08000070   0x00000004   Code   RO           33    .ARM.Collect$$$$00000001  mc_w.l(entry2.o)
    0x08000074   0x00000004   Code   RO           36    .ARM.Collect$$$$00000004  mc_w.l(entry5.o)
    0x08000078   0x00000000   Code   RO           38    .ARM.Collect$$$$00000008  mc_w.l(entry7b.o)
    0x08000078   0x00000000   Code   RO           40    .ARM.Collect$$$$0000000A  mc_w.l(entry8b.o)
    0x08000078   0x00000008   Code   RO           41    .ARM.Collect$$$$0000000B  mc_w.l(entry9a.o)
    0x08000080   0x00000000   Code   RO           43    .ARM.Collect$$$$0000000D  mc_w.l(entry10a.o)
    0x08000080   0x00000000   Code   RO           45    .ARM.Collect$$$$0000000F  mc_w.l(entry11a.o)
    0x08000080   0x00000004   Code   RO           34    .ARM.Collect$$$$00002712  mc_w.l(entry2.o)
    0x08000084   0x00000074   Code   RO           25    .text               startup_stm32f10x_md.o
    0x080000f8   0x00000024   Code   RO           47    .text               mc_w.l(init.o)
    0x0800011c   0x0000000e   Code   RO           51    i.__scatterload_copy  mc_w.l(handlers.o)
    0x0800012a   0x00000002   Code   RO           52    i.__scatterload_null  mc_w.l(handlers.o)
    0x0800012c   0x0000000e   Code   RO           53    i.__scatterload_zeroinit  mc_w.l(handlers.o)
    0x0800013a   0x00000002   PAD
    0x0800013c   0x00000014   Code   RO            1    i.func1             main.o
    0x08000150   0x00000024   Code   RO            2    i.main              main.o
    0x08000174   0x00000020   Data   RO           49    Region$$Table       anon$$obj.o


    Execution Region RW_IRAM1 (Base: 0x20000000, Size: 0x00000240, Max: 0x00005000, ABSOLUTE)

    Base Addr    Size         Type   Attr      Idx    E Section Name        Object

    0x20000000   0x00000004   Data   RW            3    .data               main.o
    0x20000004   0x00000038   Data   RW           24    mydata              startup_stm32f10x_md.o
    0x2000003c   0x00000004   PAD
    0x20000040   0x00000200   Zero   RW           21    STACK               startup_stm32f10x_md.o


==============================================================================

Image component sizes


      Code (inc. data)   RO Data    RW Data    ZI Data      Debug   Object Name

        56         10          0          4          0       2471   main.o
       116         12        112         56        512        944   startup_stm32f10x_md.o

    ----------------------------------------------------------------------
       172         22        144         60        516       3415   Object Totals
         0          0         32          0          0          0   (incl. Generated)
         0          0          0          0          4          0   (incl. Padding)

    ----------------------------------------------------------------------

      Code (inc. data)   RO Data    RW Data    ZI Data      Debug   Library Member Name

         0          0          0          0          0          0   entry.o
         0          0          0          0          0          0   entry10a.o
         0          0          0          0          0          0   entry11a.o
         8          4          0          0          0          0   entry2.o
         4          0          0          0          0          0   entry5.o
         0          0          0          0          0          0   entry7b.o
         0          0          0          0          0          0   entry8b.o
         8          4          0          0          0          0   entry9a.o
        30          0          0          0          0          0   handlers.o
        36          8          0          0          0         68   init.o

    ----------------------------------------------------------------------
        88         16          0          0          0         68   Library Totals
         2          0          0          0          0          0   (incl. Padding)

    ----------------------------------------------------------------------

      Code (inc. data)   RO Data    RW Data    ZI Data      Debug   Library Name

        86         16          0          0          0         68   mc_w.l

    ----------------------------------------------------------------------
        88         16          0          0          0         68   Library Totals

    ----------------------------------------------------------------------

==============================================================================


      Code (inc. data)   RO Data    RW Data    ZI Data      Debug   

       260         38        144         60        516       3635   Grand Totals
       260         38        144         60        516       3635   ELF Image Totals
       260         38        144         60          0          0   ROM Totals

==============================================================================

    Total RO  Size (Code + RO Data)                  404 (   0.39kB)
    Total RW  Size (RW Data + ZI Data)               576 (   0.56kB)
    Total ROM Size (Code + RO Data + RW Data)        464 (   0.45kB)

==============================================================================

